Microchip MPLAB XC8 Compiler V2.20

Linker command line:

-W-3 --edf=C:\Program Files\Microchip\xc8\v2.20\pic\dat\en_msgs.txt -cn \
  -h+dist/default/production\Training3.X.production.sym \
  --cmf=dist/default/production\Training3.X.production.cmf -z -Q18F4220 \
  -oC:\Users\victor\AppData\Local\Temp\s1fc.3 --defsym=__MPLAB_BUILD=1 \
  -Mdist/default/production/Training3.X.production.map -E1 \
  -ver=XC8 Compiler --acfsm=1493 -ASTACK=080h-01FFh -pstack=STACK \
  -ACODE=00h-0FFFh -ACONST=00h-0FFFh -ASMALLCONST=0200h-02FFhx14 \
  -AMEDIUMCONST=0200h-0FFFh -ACOMRAM=01h-07Fh -AABS1=00h-01FFh \
  -ABIGRAM=01h-01FFh -ARAM=080h-0FFh,0100h-01FFh -ABANK0=080h-0FFh \
  -ABANK1=0100h-01FFh -ASFR=0F80h-0FFFh -ACONFIG=0300000h-030000Dh \
  -AIDLOC=0200000h-0200007h \
  -preset_vec=00h,intcode=08h,intcodelo=018h,powerup,init -pramtop=0200h \
  -psmallconst=SMALLCONST -pmediumconst=MEDIUMCONST -pconst=CONST \
  -AFARRAM=00h-00h -AEEDATA=0F00000h-0F000FFh -peeprom_data=EEDATA \
  -prdata=COMRAM,nvrram=COMRAM,nvbit=COMRAM,rbss=COMRAM,rbit=COMRAM \
  -pfarbss=FARRAM,fardata=FARRAM,nvFARRAM=FARRAM \
  -pintsave_regs=BIGRAM,bigbss=BIGRAM,bigdata=BIGRAM -pbss=RAM \
  -pidata=CODE,irdata=CODE,ibigdata=CODE,ifardata=CODE -prparam=COMRAM \
  C:\Users\victor\AppData\Local\Temp\s1fc.o \
  dist/default/production\Training3.X.production.o 

Object code version is 3.11

Machine type is 18F4220



                Name                               Link     Load   Length Selector   Space Scale
C:\Users\victor\AppData\Local\Temp\s1fc.o
                idloc                            200000   200000        8        0       5
                config                           300000   300000        E        0       4
                init                                 56       56        4        C       0
                reset_vec                             0        0        4        0       0
dist/default/production\Training3.X.production.o
                intcodelo                            18       18       3E        C       0
                intcode                               8        8        6        4       0
                idloc                            200000   200000        8        0       5
                config                           300000   300000        E        0       4
                temp                                  D        D        1        1       1
                smallconst                          200      200       10      100       0
                intcode_body                        554      554       18      108       0
                text6                               510      510       24      108       0
                text5                               30C      30C       F4      108       0
                text4                               400      400       7C      108       0
                text3                               4D2      4D2       3E      108       0
                text2                               210      210       FC      108       0
                text1                               47C      47C       56      108       0
                text0                               534      534       20      108       0
                cstackCOMRAM                          1        1        C        1       1
                cinit                               56C      56C       12      108       0

TOTAL           Name                               Link     Load   Length     Space
        CLASS   STACK          

        CLASS   CODE           
                intcodelo                            18       18       3E         0
                intcode                               8        8        6         0
                init                                 56       56        4         0
                reset_vec                             0        0        4         0
                intcode_body                        554      554       18         0
                text6                               510      510       24         0
                text5                               30C      30C       F4         0
                text4                               400      400       7C         0
                text3                               4D2      4D2       3E         0
                text2                               210      210       FC         0
                text1                               47C      47C       56         0
                text0                               534      534       20         0
                cinit                               56C      56C       12         0

        CLASS   CONST          

        CLASS   SMALLCONST     
                smallconst                          200      200       10         0

        CLASS   MEDIUMCONST    

        CLASS   COMRAM         
                temp                                  D        D        1         1
                cstackCOMRAM                          1        1        C         1

        CLASS   ABS1           

        CLASS   BIGRAM         

        CLASS   RAM            

        CLASS   BANK0          

        CLASS   BANK1          

        CLASS   SFR            

        CLASS   CONFIG         
                config                           300000   300000        E         4

        CLASS   IDLOC          
                idloc                            200000   200000        8         5

        CLASS   FARRAM         

        CLASS   EEDATA         



SEGMENTS        Name                           Load    Length   Top    Selector   Space  Class

                reset_vec                      000000  000004  000004         0       0  CODE    
                cstackCOMRAM                   000001  00000D  00000E         1       1  COMRAM  
                intcode                        000008  000006  00000E         4       0  CODE    
                intcodelo                      000018  000042  00005A         C       0  CODE    
                smallconst                     000200  000010  000210       100       0  SMALLCON
                text2                          000210  00036E  00057E       108       0  CODE    


UNUSED ADDRESS RANGES

        Name                Unused          Largest block    Delta
        BANK0            000080-0000FF               80
        BANK1            000100-0001FF              100
        BIGRAM           00000E-0001FF              1F2
        CODE             000004-000007                4
                         00000E-000017                A
                         00005A-0001FF              1A6
                         00057E-000FFF              A82
        COMRAM           00000E-00007F               72
        CONST            000004-000007                4
                         00000E-000017                A
                         00005A-0001FF              1A6
                         00057E-000FFF              A82
        EEDATA           F00000-F000FF              100
        MEDIUMCONST      00057E-000FFF              A82
        RAM              000080-0001FF               80
        SFR              000F80-000FFF               80
        SMALLCONST       00057E-000FFF              100
        STACK            000080-0001FF              180

                                  Symbol Table

_CCP1CON                 (abs)        000FBD
_CCPR1L                  (abs)        000FBE
_ECCPASE                 (abs)        007DB7
_INTCON                  (abs)        000FF2
_INTCON2                 (abs)        000FF1
_INTCONbits              (abs)        000FF2
_LATBbits                (abs)        000F8A
_OSCCON                  (abs)        000FD3
_PORTBbits               (abs)        000F81
_PORTCbits               (abs)        000F82
_PORTDbits               (abs)        000F83
_PR2                     (abs)        000FCB
_PWM1CON                 (abs)        000FB7
_RCON                    (abs)        000FD0
_T2CON                   (abs)        000FCA
_TMR2IF                  (abs)        007CF1
_TRISBbits               (abs)        000F93
_TRISC                   (abs)        000F94
_TRISCbits               (abs)        000F94
_TRISD                   (abs)        000F95
_TRISDbits               (abs)        000F95
__HRAM                   (abs)        000000
__Habs1                  abs1         000000
__Hbank0                 bank0        000000
__Hbank1                 bank1        000000
__Hbigbss                bigbss       000000
__Hbigdata               bigdata      000000
__Hbigram                bigram       000000
__Hbss                   bss          000000
__Hcinit                 cinit        000000
__Hclrtext               clrtext      000000
__Hcomram                comram       000000
__Hconfig                config       30000E
__Hconst                 const        000000
__HcstackCOMRAM          cstackCOMRAM 000000
__Hdata                  data         000000
__Heeprom_data           eeprom_data  000000
__Hfarbss                farbss       000000
__Hfardata               fardata      000000
__Hibigdata              ibigdata     000000
__Hidata                 idata        000000
__Hidloc                 idloc        200008
__Hifardata              ifardata     000000
__Hinit                  init         00005A
__Hintcode               intcode      00000E
__Hintcode_body          intcode_body 000000
__Hintcodelo             intcodelo    000056
__Hintentry              intentry     000000
__Hintret                intret       000000
__Hintsave_regs          intsave_regs 000000
__Hirdata                irdata       000000
__Hmediumconst           mediumconst  000000
__HnvFARRAM              nvFARRAM     000000
__Hnvbit                 nvbit        000000
__Hnvrram                nvrram       000000
__Hparam                 rparam       000000
__Hpowerup               powerup      000056
__Hram                   ram          000000
__Hramtop                ramtop       000200
__Hrbit                  rbit         000000
__Hrbss                  rbss         000000
__Hrdata                 rdata        000000
__Hreset_vec             reset_vec    000004
__Hrparam                rparam       000000
__Hsfr                   sfr          000000
__Hsmallconst            smallconst   000210
__Hspace_0               (abs)        00057E
__Hspace_1               (abs)        00000E
__Hspace_2               (abs)        000000
__Hspace_4               (abs)        60000E
__Hstack                 stack        000000
__Hstruct                struct       000000
__Htemp                  temp         00000E
__Htext                  text         000000
__Htext0                 text0        000000
__Htext1                 text1        000000
__Htext2                 text2        000000
__Htext3                 text3        000000
__Htext4                 text4        000000
__Htext5                 text5        000000
__Htext6                 text6        000000
__LRAM                   (abs)        000001
__Labs1                  abs1         000000
__Lbank0                 bank0        000000
__Lbank1                 bank1        000000
__Lbigbss                bigbss       000000
__Lbigdata               bigdata      000000
__Lbigram                bigram       000000
__Lbss                   bss          000000
__Lcinit                 cinit        000000
__Lclrtext               clrtext      000000
__Lcomram                comram       000000
__Lconfig                config       000000
__Lconst                 const        000000
__LcstackCOMRAM          cstackCOMRAM 000000
__Ldata                  data         000000
__Leeprom_data           eeprom_data  000000
__Lfarbss                farbss       000000
__Lfardata               fardata      000000
__Libigdata              ibigdata     000000
__Lidata                 idata        000000
__Lidloc                 idloc        000000
__Lifardata              ifardata     000000
__Linit                  init         000056
__Lintcode               intcode      000008
__Lintcode_body          intcode_body 000000
__Lintcodelo             intcodelo    000018
__Lintentry              intentry     000000
__Lintret                intret       000000
__Lintsave_regs          intsave_regs 000000
__Lirdata                irdata       000000
__Lmediumconst           mediumconst  000000
__LnvFARRAM              nvFARRAM     000000
__Lnvbit                 nvbit        000000
__Lnvrram                nvrram       000000
__Lparam                 rparam       000000
__Lpowerup               powerup      000056
__Lram                   ram          000000
__Lramtop                ramtop       000200
__Lrbit                  rbit         000000
__Lrbss                  rbss         000000
__Lrdata                 rdata        000000
__Lreset_vec             reset_vec    000000
__Lrparam                rparam       000000
__Lsfr                   sfr          000000
__Lsmallconst            smallconst   000200
__Lspace_0               (abs)        000000
__Lspace_1               (abs)        000000
__Lspace_2               (abs)        000000
__Lspace_4               (abs)        000000
__Lstack                 stack        000000
__Lstruct                struct       000000
__Ltemp                  temp         00000D
__Ltext                  text         000000
__Ltext0                 text0        000000
__Ltext1                 text1        000000
__Ltext2                 text2        000000
__Ltext3                 text3        000000
__Ltext4                 text4        000000
__Ltext5                 text5        000000
__Ltext6                 text6        000000
__S0                     (abs)        00057E
__S1                     (abs)        00000E
__S2                     (abs)        000000
__S4                     (abs)        000000
__S5                     (abs)        000000
___inthi_sp              stack        000000
___intlo_sp              stack        000000
___param_bank            (abs)        000000
___rparam_used           (abs)        000001
___sp                    stack        000000
__accesstop              (abs)        000080
__activetblptr           (abs)        000001
__end_of__initialization cinit        00056C
__end_of_clock_LCD       text6        000534
__end_of_high_ISR        intcode_body 00056C
__end_of_init_LCD        text4        00047C
__end_of_init_PWM        text3        000510
__end_of_low_ISR         intcodelo    000056
__end_of_main            text0        000554
__end_of_put_Char        text2        00030C
__end_of_put_String      text1        0004D2
__end_of_send_Command    text5        000400
__initialization         cinit        00056C
__mediumconst            mediumconst  000000
__pcinit                 cinit        00056C
__pcstackCOMRAM          cstackCOMRAM 000001
__pintcode               intcode      000008
__pintcode_body          intcode_body 000554
__pintcodelo             intcodelo    000018
__psmallconst            smallconst   000200
__ptext0                 text0        000534
__ptext1                 text1        00047C
__ptext2                 text2        000210
__ptext3                 text3        0004D2
__ptext4                 text4        000400
__ptext5                 text5        00030C
__ptext6                 text6        000510
__ramtop                 ramtop       000200
__size_of_clock_LCD      (abs)        000000
__size_of_high_ISR       (abs)        000000
__size_of_init_LCD       (abs)        000000
__size_of_init_PWM       (abs)        000000
__size_of_low_ISR        (abs)        000000
__size_of_main           (abs)        000000
__size_of_put_Char       (abs)        000000
__size_of_put_String     (abs)        000000
__size_of_send_Command   (abs)        000000
__smallconst             smallconst   000200
_clock_LCD               text6        000510
_high_ISR                intcode      000008
_init_LCD                text4        000400
_init_PWM                text3        0004D2
_low_ISR                 intcodelo    000018
_main                    text0        000534
_put_Char                text2        000210
_put_String              text1        00047C
_send_Command            text5        00030C
btemp                    temp         00000D
end_of_initialization    cinit        00056C
int$flags                temp         00000D
int_func                 intcode_body 000554
intlevel0                text         000000
intlevel1                text         000000
intlevel2                text         000000
intlevel3                text         000000
put_Char@x               cstackCOMRAM 000006
put_String@count         cstackCOMRAM 00000B
put_String@msg           cstackCOMRAM 000007
send_Command@command     cstackCOMRAM 000006
stackhi                  (abs)        0001FF
stacklo                  (abs)        000080
start                    init         000056
start_initialization     cinit        00056C
ttemp5                   temp         00000E
ttemp6                   temp         000011
ttemp7                   temp         000015
wtemp8                   temp         00000E


FUNCTION INFORMATION:

 *************** function _main *****************
 Defined at:
		line 11 in file "Main.c"
 Parameters:    Size  Location     Type
		None
 Auto vars:     Size  Location     Type
		None
 Return value:  Size  Location     Type
                  1    wreg      void 
 Registers used:
		wreg, status,2, status,0, tblptrl, tblptrh, tblptru, cstack
 Tracked objects:
		On entry : 
		On exit  : 
		Unchanged: 
 Data sizes:     COMRAM   BANK0   BANK1
      Params:         0       0       0
      Locals:         0       0       0
      Temps:          0       0       0
      Totals:         0       0       0
Total ram usage:        0 bytes
 Hardware stack levels required when called:    5
 This function calls:
		_init_LCD
		_init_PWM
		_put_String
 This function is called by:
		Startup code after reset
 This function uses a non-reentrant model


 *************** function _put_String *****************
 Defined at:
		line 78 in file "lcd.c"
 Parameters:    Size  Location     Type
  msg             2    6[COMRAM] PTR unsigned char 
		 -> STR_1(14), 
 Auto vars:     Size  Location     Type
  count           2   10[COMRAM] int 
 Return value:  Size  Location     Type
                  1    wreg      void 
 Registers used:
		wreg, status,2, status,0, tblptrl, tblptrh, tblptru, cstack
 Tracked objects:
		On entry : 
		On exit  : 
		Unchanged: 
 Data sizes:     COMRAM   BANK0   BANK1
      Params:         2       0       0
      Locals:         2       0       0
      Temps:          2       0       0
      Totals:         6       0       0
Total ram usage:        6 bytes
 Hardware stack levels used:    1
 Hardware stack levels required when called:    4
 This function calls:
		_put_Char
 This function is called by:
		_main
 This function uses a non-reentrant model


 *************** function _put_Char *****************
 Defined at:
		line 48 in file "lcd.c"
 Parameters:    Size  Location     Type
  x               1    wreg     unsigned char 
 Auto vars:     Size  Location     Type
  x               1    5[COMRAM] unsigned char 
 Return value:  Size  Location     Type
                  1    wreg      void 
 Registers used:
		wreg, status,2, status,0, cstack
 Tracked objects:
		On entry : 
		On exit  : 
		Unchanged: 
 Data sizes:     COMRAM   BANK0   BANK1
      Params:         0       0       0
      Locals:         1       0       0
      Temps:          2       0       0
      Totals:         3       0       0
Total ram usage:        3 bytes
 Hardware stack levels used:    1
 Hardware stack levels required when called:    3
 This function calls:
		_clock_LCD
 This function is called by:
		_put_String
 This function uses a non-reentrant model


 *************** function _init_PWM *****************
 Defined at:
		line 12 in file "pwm.c"
 Parameters:    Size  Location     Type
		None
 Auto vars:     Size  Location     Type
		None
 Return value:  Size  Location     Type
                  1    wreg      void 
 Registers used:
		wreg, status,2
 Tracked objects:
		On entry : 
		On exit  : 
		Unchanged: 
 Data sizes:     COMRAM   BANK0   BANK1
      Params:         0       0       0
      Locals:         0       0       0
      Temps:          0       0       0
      Totals:         0       0       0
Total ram usage:        0 bytes
 Hardware stack levels used:    1
 Hardware stack levels required when called:    2
 This function calls:
		Nothing
 This function is called by:
		_main
 This function uses a non-reentrant model


 *************** function _init_LCD *****************
 Defined at:
		line 86 in file "lcd.c"
 Parameters:    Size  Location     Type
		None
 Auto vars:     Size  Location     Type
		None
 Return value:  Size  Location     Type
                  1    wreg      void 
 Registers used:
		wreg, status,2, status,0, cstack
 Tracked objects:
		On entry : 
		On exit  : 
		Unchanged: 
 Data sizes:     COMRAM   BANK0   BANK1
      Params:         0       0       0
      Locals:         0       0       0
      Temps:          1       0       0
      Totals:         1       0       0
Total ram usage:        1 bytes
 Hardware stack levels used:    1
 Hardware stack levels required when called:    4
 This function calls:
		_clock_LCD
		_send_Command
 This function is called by:
		_main
 This function uses a non-reentrant model


 *************** function _send_Command *****************
 Defined at:
		line 33 in file "lcd.c"
 Parameters:    Size  Location     Type
  command         1    wreg     unsigned char 
 Auto vars:     Size  Location     Type
  command         1    5[COMRAM] unsigned char 
 Return value:  Size  Location     Type
                  1    wreg      void 
 Registers used:
		wreg, status,2, status,0, cstack
 Tracked objects:
		On entry : 
		On exit  : 
		Unchanged: 
 Data sizes:     COMRAM   BANK0   BANK1
      Params:         0       0       0
      Locals:         1       0       0
      Temps:          2       0       0
      Totals:         3       0       0
Total ram usage:        3 bytes
 Hardware stack levels used:    1
 Hardware stack levels required when called:    3
 This function calls:
		_clock_LCD
 This function is called by:
		_init_LCD
 This function uses a non-reentrant model


 *************** function _clock_LCD *****************
 Defined at:
		line 26 in file "lcd.c"
 Parameters:    Size  Location     Type
		None
 Auto vars:     Size  Location     Type
		None
 Return value:  Size  Location     Type
                  1    wreg      void 
 Registers used:
		wreg
 Tracked objects:
		On entry : 
		On exit  : 
		Unchanged: 
 Data sizes:     COMRAM   BANK0   BANK1
      Params:         0       0       0
      Locals:         0       0       0
      Temps:          1       0       0
      Totals:         1       0       0
Total ram usage:        1 bytes
 Hardware stack levels used:    1
 Hardware stack levels required when called:    2
 This function calls:
		Nothing
 This function is called by:
		_send_Command
		_put_Char
		_init_LCD
		_set_DDRAMAddr
 This function uses a non-reentrant model


 *************** function _low_ISR *****************
 Defined at:
		line 22 in file "interr.c"
 Parameters:    Size  Location     Type
		None
 Auto vars:     Size  Location     Type
		None
 Return value:  Size  Location     Type
                  1    wreg      void 
 Registers used:
		wreg
 Tracked objects:
		On entry : 
		On exit  : 
		Unchanged: 
 Data sizes:     COMRAM   BANK0   BANK1
      Params:         0       0       0
      Locals:         0       0       0
      Temps:          2       0       0
      Totals:         2       0       0
Total ram usage:        2 bytes
 Hardware stack levels used:    1
 Hardware stack levels required when called:    1
 This function calls:
		Nothing
 This function is called by:
		Interrupt level 1
 This function uses a non-reentrant model


 *************** function _high_ISR *****************
 Defined at:
		line 12 in file "interr.c"
 Parameters:    Size  Location     Type
		None
 Auto vars:     Size  Location     Type
		None
 Return value:  Size  Location     Type
                  1    wreg      void 
 Registers used:
		None
 Tracked objects:
		On entry : 
		On exit  : 
		Unchanged: 
 Data sizes:     COMRAM   BANK0   BANK1
      Params:         0       0       0
      Locals:         0       0       0
      Temps:          0       0       0
      Totals:         0       0       0
Total ram usage:        0 bytes
 Hardware stack levels used:    1
 This function calls:
		Nothing
 This function is called by:
		Interrupt level 2
 This function uses a non-reentrant model



MODULE INFORMATION

Module		Function		Class		Link	Load	Size
pwm.c
		_init_PWM      		CODE           	04D2	0000	63

pwm.c estimated size: 63

Main.c
		_main          		CODE           	0534	0000	33

Main.c estimated size: 33

shared
		__initialization		CODE           	056C	0000	1

shared estimated size: 1

lcd.c
		_clock_LCD     		CODE           	0510	0000	37
		_put_String    		CODE           	047C	0000	87
		_send_Command  		CODE           	030C	0000	245
		_init_LCD      		CODE           	0400	0000	125
		_put_Char      		CODE           	0210	0000	253

lcd.c estimated size: 747

interr.c
		_high_ISR      		CODE           	0008	0000	31
		_low_ISR       		CODE           	0018	0000	63

interr.c estimated size: 94

